[boingboing.net/features/getthumbs.html]
[backblue.gif]
[fade.gif]
[index.html]
[media.boingboing.net/wp-content/uploads/2013/11/02AWARD1-popup.jpg]
[media.boingboing.net/wp-content/plugins/jetpack/css/jetpacke35d.css]
[i0.wp.com/media.boingboing.net/wp-content/uploads/2018/04/apple-touch-icon-1e43b.png]
[i0.wp.com/media.boingboing.net/wp-content/uploads/2018/04/apple-touch-icon-1d0c2.png]
[www.stack-sonar.com/ping.js]
[www.googletagservices.com/tag/js/gpt.js]
[burnside.dtcn.com/barkeep/barkeep.min.js]
[burnside.dtcn.com/burnside.min.js]
[video.unrulymedia.com/native/native-loader.js]
[connect.facebook.net/en_US/fbevents.js]
[c.jsrdn.com/s/cs7e04.js]
[media.boingboing.net/wp-content/themes/bng/i/logo.png]
[media.boingboing.net/wp-content/uploads/2016/09/spinner.gif]
[boingboing.net/features/getthumbs.html]
[stats.wp.com/e-201828.js]
[media.boingboing.net/wp-content/plugins/jetpack/modules/carousel/images/arrows.png]
[media.boingboing.net/wp-content/plugins/jetpack/modules/carousel/images/arrows-2x.png]
[media.boingboing.net/wp-content/plugins/jetpack/modules/carousel/images/carousel-spritee4da.png]
[media.boingboing.net/wp-content/plugins/jetpack/modules/carousel/images/carousel-sprite-2xe4da.png]
[media.boingboing.net/wp-content/plugins/jetpack/modules/shortcodes/img/slideshow-controls.png]
[media.boingboing.net/wp-content/plugins/jetpack/modules/shortcodes/img/slideshow-controls-2x.png]
[media.boingboing.net/wp-content/plugins/jetpack/modules/shortcodes/images/slide-nav.png]
[media.boingboing.net/wp-content/plugins/jetpack/modules/shortcodes/images/expand.png]
[media.boingboing.net/wp-content/plugins/jetpack/modules/shortcodes/images/collapse.png]
[secure.gravatar.com/images/grav-share-sprite.png]
[media.boingboing.net/wp-content/plugins/jetpack/css/jetpacke35d.css]
[connect.facebook.net/en_US/fbevents.js]
[rumble.com/embed/swapc461.js]
[boingboing.net/features/g.1b.delayed]
[boingboing.net/features/c.gif]
[boingboing.net/features/t.gif]
[stats.wp.com/e-201828.js]
[boingboing.net/features/g.html]
[boingboing.net/features/c.html]
[boingboing.net/features/t.html]
